
> agentic-recommendation-demo-frontend@0.1.0 build
> next build

   ▲ Next.js 15.5.18

   Creating an optimized production build ...
 ✓ Compiled successfully in 18.3s
   Linting and checking validity of types ...
   Collecting page data ...
   Generating static pages (0/11) ...
   Generating static pages (2/11) 
   Generating static pages (5/11) 
   Generating static pages (8/11) 
 ✓ Generating static pages (11/11)
   Finalizing page optimization ...
   Collecting build traces ...

Route (app)                                 Size  First Load JS
┌ ○ /                                      132 B         102 kB
├ ○ /_not-found                            996 B         103 kB
├ ƒ /artifact-demo                       6.19 kB         108 kB
├ ƒ /comparison                          2.01 kB         104 kB
├ ƒ /data-processing                       572 B         204 kB
├ ƒ /evaluation                            572 B         204 kB
├ ƒ /explainability-evidence               132 B         102 kB
├ ƒ /research-setup                        132 B         102 kB
└ ƒ /user-intention                      1.25 kB         103 kB
+ First Load JS shared by all             102 kB
  ├ chunks/255-e881f48ae1d2333a.js         46 kB
  ├ chunks/4bd1b696-409494caf8c83275.js  54.2 kB
  └ other shared chunks (total)          2.04 kB


○  (Static)   prerendered as static content
ƒ  (Dynamic)  server-rendered on demand


> agentic-recommendation-demo-frontend@0.1.0 start:artifact-demo
> next start --port 3009

   ▲ Next.js 15.5.18
   - Local:        http://localhost:3009
   - Network:      http://172.28.48.1:3009

 ✓ Starting...
 ✓ Ready in 952ms
